../Driver/src/GlobalVariables.c:9:1:GPIOA_PCLK_EN	4	static
../Driver/src/GlobalVariables.c:9:1:GPIOB_PCLK_EN	4	static
../Driver/src/GlobalVariables.c:9:1:GPIOC_PCLK_EN	4	static
../Driver/src/GlobalVariables.c:9:1:GPIOD_PCLK_EN	4	static
../Driver/src/GlobalVariables.c:9:1:GPIOE_PCLK_EN	4	static
../Driver/src/GlobalVariables.c:9:1:GPIOF_PCLK_EN	4	static
../Driver/src/GlobalVariables.c:9:1:GPIOG_PCLK_EN	4	static
../Driver/src/GlobalVariables.c:9:1:GPIOH_PCLK_EN	4	static
../Driver/src/GlobalVariables.c:9:1:GPIOI_PCLK_EN	4	static
../Driver/src/GlobalVariables.c:17:1:GPIOA_PCLK_DI	4	static
../Driver/src/GlobalVariables.c:17:1:GPIOB_PCLK_DI	4	static
../Driver/src/GlobalVariables.c:17:1:GPIOC_PCLK_DI	4	static
../Driver/src/GlobalVariables.c:17:1:GPIOD_PCLK_DI	4	static
../Driver/src/GlobalVariables.c:17:1:GPIOE_PCLK_DI	4	static
../Driver/src/GlobalVariables.c:17:1:GPIOF_PCLK_DI	4	static
../Driver/src/GlobalVariables.c:17:1:GPIOG_PCLK_DI	4	static
../Driver/src/GlobalVariables.c:17:1:GPIOH_PCLK_DI	4	static
../Driver/src/GlobalVariables.c:17:1:GPIOI_PCLK_DI	4	static
../Driver/src/GlobalVariables.c:25:1:SPI1_PCLK_EN	4	static
../Driver/src/GlobalVariables.c:25:1:SPI2_PCLK_EN	4	static
../Driver/src/GlobalVariables.c:25:1:SPI3_PCLK_EN	4	static
../Driver/src/GlobalVariables.c:25:1:SPI4_PCLK_EN	4	static
../Driver/src/GlobalVariables.c:33:1:SPI1_PCLK_DI	4	static
../Driver/src/GlobalVariables.c:33:1:SPI2_PCLK_DI	4	static
../Driver/src/GlobalVariables.c:33:1:SPI3_PCLK_DI	4	static
../Driver/src/GlobalVariables.c:33:1:SPI4_PCLK_DI	4	static
../Driver/src/GlobalVariables.c:41:1:I2C1_PCLK_EN	4	static
../Driver/src/GlobalVariables.c:41:1:I2C2_PCLK_EN	4	static
../Driver/src/GlobalVariables.c:41:1:I2C3_PCLK_EN	4	static
../Driver/src/GlobalVariables.c:49:1:I2C1_PCLK_DI	4	static
../Driver/src/GlobalVariables.c:49:1:I2C2_PCLK_DI	4	static
../Driver/src/GlobalVariables.c:49:1:I2C3_PCLK_DI	4	static
